###############################################################################
#
# IAR ELF Linker V4.10.2.4508 for Renesas RX              12/Feb/2021  13:32:13
# Copyright 2009-2018 IAR Systems AB.
#
#    Output file  =  
#        C:\Users\Robin.Hellmers\OneDrive\Skolmaterial\Examensarbete\Code\Circular_buffer\circular_buffer\Debug\Exe\filtering.out
#    Map file     =  
#        C:\Users\Robin.Hellmers\OneDrive\Skolmaterial\Examensarbete\Code\Circular_buffer\circular_buffer\Debug\List\filtering.map
#    Command line =  
#        -f C:\Users\ROBIN~1.HEL\AppData\Local\Temp\EW300F.tmp
#        (C:\Users\Robin.Hellmers\OneDrive\Skolmaterial\Examensarbete\Code\Circular_buffer\circular_buffer\Debug\Obj\moving_average_with_circular_buffer_V2.0.o
#        --no_out_extension -o
#        C:\Users\Robin.Hellmers\OneDrive\Skolmaterial\Examensarbete\Code\Circular_buffer\circular_buffer\Debug\Exe\filtering.out
#        --map
#        C:\Users\Robin.Hellmers\OneDrive\Skolmaterial\Examensarbete\Code\Circular_buffer\circular_buffer\Debug\List\filtering.map
#        --config "C:\Program Files (x86)\IAR Systems\Embedded Workbench
#        8.1\rx\CONFIG\lnkrx600.icf" --config_def _USTACK_SIZE=0x800
#        --config_def _ISTACK_SIZE=0x800 --config_def _HEAP_SIZE=0x800 --entry
#        __iar_program_start --debug_lib --vfe --text_out locale)
#
###############################################################################

*******************************************************************************
*** RUNTIME MODEL ATTRIBUTES
***

__SystemLibrary            = DLib
__calling_conv             = abi10
__core                     = 1
__dlib_file_descriptor     = 0
__dlib_full_locale_support = 0
__dlib_version             = 6
__double_size              = 32
__endian                   = l
__enum_size                = *
__fpu                      = 1
__int_size                 = 32
__lock_R10                 = 0
__lock_R11                 = 0
__lock_R12                 = 0
__lock_R13                 = 0
__lock_R8                  = 0
__lock_R9                  = 0
__rt_version               = 5


*******************************************************************************
*** HEAP SELECTION
***

The basic heap was selected because some modules are built with
size limitations (and not runtime checking), and --advanced_heap
was not specified.


*******************************************************************************
*** PLACEMENT SUMMARY
***

"A0":  place at 0xffff'fffc { ro section .resetvect };
"A1":  place at 0xffff'ff80 { ro section .exceptvect };
"ROM24":
       place in [from 0xfff8'0000 to 0xffff'ffff] {
          ro section .code24*, ro section .data24* };
"RAM24":
       place in [from 0x4 to 0x1'7fff] { rw section .data24* };
"ROM32":
       place in [from 0xfff8'0000 to 0xffff'ffff] { ro };
define block USTACK with size = 2K, alignment = 4 { };
define block ISTACK with size = 2K, alignment = 4 { };
define block STACKS with fixed order { block USTACK, block ISTACK };
"STACKS":
       place at end of [from 0x4 to 0x1'7fff] { block STACKS };
define block HEAP with size = 2K, alignment = 4 { };
"RAM32":
       place in [from 0x4 to 0x1'7fff] {
          rw, ro section D, ro section D_1, ro section D_2, block HEAP };

No sections matched the following patterns:

  ro section .code16*          in "ROM16"
  ro section .code24*          in "ROM24"
  ro section .data16*          in "ROM16"
  ro section .dataflash*       in "DATAFLASH"
  ro section D                 in "RAM32"
  ro section D_1               in "RAM32"
  ro section D_2               in "RAM32"
  rw section .data16*          in "RAM16"
  rw section __DLIB_PERTHREAD  in "RAM16"


  Section          Kind         Address    Size  Object
  -------          ----         -------    ----  ------
"RAM24":                                   0x34
  .data24.bss      zero             0x4    0x28  moving_average_with_circular_buffer_V2.0.o [1]
  .data24.bss      zero            0x2c     0xc  moving_average_with_circular_buffer_V2.0.o [1]
                                 - 0x38    0x34

"RAM32":                                    0x4
  .data32.bss      zero            0x38     0x4  xfail_s.o [3]
                                 - 0x3c     0x4

"STACKS":                                0x1000
  STACKS                       0x1'7000  0x1000  <Block>
    USTACK                     0x1'7000   0x800  <Block>
      USTACK       uninit      0x1'7000   0x800  <Block tail>
    ISTACK                     0x1'7800   0x800  <Block>
      ISTACK       uninit      0x1'7800   0x800  <Block tail>
                             - 0x1'8000  0x1000

"ROM24":                                   0xec
  .data24.rodata   const    0xfff8'0000    0x39  moving_average_with_circular_buffer_V2.0.o [1]
  .data24.rodata   const    0xfff8'0039    0x25  moving_average_with_circular_buffer_V2.0.o [1]
  .data24.rodata   const    0xfff8'005e    0x22  moving_average_with_circular_buffer_V2.0.o [1]
  .data24.rodata   const    0xfff8'0080    0x16  moving_average_with_circular_buffer_V2.0.o [1]
  .data24.rodata   const    0xfff8'0096     0x6  moving_average_with_circular_buffer_V2.0.o [1]
  .data24.rodata   const    0xfff8'009c    0x10  moving_average_with_circular_buffer_V2.0.o [1]
  .data24.rodata   const    0xfff8'00ac     0xc  moving_average_with_circular_buffer_V2.0.o [1]
  .data24.rodata   const    0xfff8'00b8     0xb  moving_average_with_circular_buffer_V2.0.o [1]
  .data24.rodata   const    0xfff8'00c3     0xb  moving_average_with_circular_buffer_V2.0.o [1]
  .data24.rodata   const    0xfff8'00ce     0x9  moving_average_with_circular_buffer_V2.0.o [1]
  .data24.rodata   const    0xfff8'00d8     0x8  moving_average_with_circular_buffer_V2.0.o [1]
  .data24.rodata   const    0xfff8'00e0     0x7  moving_average_with_circular_buffer_V2.0.o [1]
  .data24.rodata   const    0xfff8'00e7     0x3  moving_average_with_circular_buffer_V2.0.o [1]
  .data24.rodata   const    0xfff8'00ea     0x2  moving_average_with_circular_buffer_V2.0.o [1]
                          - 0xfff8'00ec    0xec

"ROM32":                                 0x1758
  .text            ro code  0xfff8'00f0   0xb3a  xprintflarge_nomb.o [3]
  .data32.rodata   const    0xfff8'0c2a    0x1a  xprintflarge_nomb.o [3]
  .text            ro code  0xfff8'0c44    0x12  strchr.o [3]
  .data32.rodata   const    0xfff8'0c56     0x2  xprintflarge_nomb.o [3]
  .text            ro code  0xfff8'0c58     0xa  memcpy.o [3]
  .text            ro code  0xfff8'0c62     0x2  def_nmi_handlers.o [5]
  .text            ro code  0xfff8'0c64     0xd  div.o [3]
  .text            ro code  0xfff8'0c71     0x4  mul32f.o [4]
  .text            ro code  0xfff8'0c75     0x4  sqr32f.o [4]
  .text            ro code  0xfff8'0c79     0x4  div32f.o [4]
  .text            ro code  0xfff8'0c7d    0x24  f32toi32.o [4]
  .text            ro code  0xfff8'0ca1    0x58  i32tof32.o [4]
  .text            ro code  0xfff8'0cf9     0x4  add32f.o [4]
  .text            ro code  0xfff8'0cfd   0x200  div64u.o [5]
  .data32.rodata   const    0xfff8'0efd     0x7  xprintflarge_nomb.o [3]
  .text            ro code  0xfff8'0f04    0x27  xfail_s.o [3]
  .text            ro code  0xfff8'0f2c     0xe  strlen.o [3]
  .text            ro code  0xfff8'0f3c    0x16  memchr.o [3]
  .text            ro code  0xfff8'0f54     0xf  __dbg_abort.o [2]
  .text            ro code  0xfff8'0f64     0x1  __dbg_break.o [2]
  .text            ro code  0xfff8'0f68    0x12  __dbg_xxexit.o [2]
  .inttable                 0xfff8'0f7c   0x400  <Block>
    .inttable      const    0xfff8'0f7c   0x400  interrupt_table.o [3]
  .text            ro code  0xfff8'137c   0x2f8  moving_average_with_circular_buffer_V2.0.o [1]
  .text            ro code  0xfff8'1674    0x1d  printf.o [3]
  .text            ro code  0xfff8'1691    0x45  i64tof32.o [4]
  .switch.rodata   const    0xfff8'16d8    0x26  xprintflarge_nomb.o [3]
  .text            ro code  0xfff8'1700    0x23  cstartup.o [5]
  .data32.rodata   const    0xfff8'1724     0x4  xprintflarge_nomb.o [3]
  .text            ro code  0xfff8'1728    0x20  data_init.o [3]
  .text            ro code  0xfff8'1748     0x4  exit.o [3]
  .text            ro code  0xfff8'174c     0x8  cexit.o [3]
  .iar.init_table  const    0xfff8'1754    0x18  - Linker created -
  .data32.rodata   const    0xfff8'176c    0x20  xfail_s.o [3]
  .text            ro code  0xfff8'178c    0x1a  putchar.o [3]
  .text            ro code  0xfff8'17a8     0xa  __dbg_xxwrite.o [2]
  .text            ro code  0xfff8'17b4    0x15  __dbg_xxdwrite.o [2]
  .data32.rodata   const    0xfff8'17cc    0x18  xprintflarge_nomb.o [3]
  .data32.rodata   const    0xfff8'17e4    0x18  xprintflarge_nomb.o [3]
  .text            ro code  0xfff8'17fc    0x18  zero_init2.o [3]
  .text            ro code  0xfff8'1814    0x17  xprout.o [3]
  .text            ro code  0xfff8'182c     0xe  interrupt_table.o [3]
  .data32.rodata   const    0xfff8'183c     0x4  xprintflarge_nomb.o [3]
  .data32.rodata   const    0xfff8'1840     0x4  xprintflarge_nomb.o [3]
  .data32.rodata   const    0xfff8'1844     0x4  xprintflarge_nomb.o [3]
                          - 0xfff8'1848  0x1758

"A1":                                      0x7c
  .exceptvect      const    0xffff'ff80    0x7c  exceptvect.o [5]
                          - 0xffff'fffc    0x7c

"A0":                                       0x4
  .resetvect       const    0xffff'fffc     0x4  resetvect.o [5]
                                  - 0x0     0x4

Unused ranges:

         From           To      Size
         ----           --      ----
         0x3c     0x1'6fff  0x1'6fc4
  0xfff8'00ec  0xfff8'00ef       0x4
  0xfff8'1848  0xffff'ff7f  0x7'e738


*******************************************************************************
*** INIT TABLE
***

          Address  Size
          -------  ----
Zero (___iar_zero_init2)
    2 destination ranges, total size 0x38:
              0x4  0x34
             0x38   0x4



*******************************************************************************
*** MODULE SUMMARY
***

    Module                                      ro code  ro data  rw data
    ------                                      -------  -------  -------
command line/config:
    ---------------------------------------------------------------------
    Total:

C:\Users\Robin.Hellmers\OneDrive\Skolmaterial\Examensarbete\Code\Circular_buffer\circular_buffer\Debug\Obj: [1]
    moving_average_with_circular_buffer_V2.0.o      760      235       52
    ---------------------------------------------------------------------
    Total:                                          760      235       52

dbgrxfllnd.a: [2]
    __dbg_abort.o                                    15
    __dbg_break.o                                     1
    __dbg_xxdwrite.o                                 21
    __dbg_xxexit.o                                   18
    __dbg_xxwrite.o                                  10
    ---------------------------------------------------------------------
    Total:                                           65

dlrxflln.a: [3]
    cexit.o                                           8
    data_init.o                                      32
    div.o                                            13
    exit.o                                            4
    interrupt_table.o                                14    1 024
    memchr.o                                         22
    memcpy.o                                         10
    printf.o                                         29
    putchar.o                                        26
    strchr.o                                         18
    strlen.o                                         14
    xfail_s.o                                        39       32        4
    xprintflarge_nomb.o                           2 874      137
    xprout.o                                         23
    zero_init2.o                                     24
    ---------------------------------------------------------------------
    Total:                                        3 150    1 193        4

mrx1fll1.a: [4]
    add32f.o                                          4
    div32f.o                                          4
    f32toi32.o                                       36
    i32tof32.o                                       88
    i64tof32.o                                       69
    mul32f.o                                          4
    sqr32f.o                                          4
    ---------------------------------------------------------------------
    Total:                                          209

rtrx1fll.a: [5]
    cstartup.o                                       35
    def_nmi_handlers.o                                2
    div64u.o                                        512
    exceptvect.o                                             124
    resetvect.o                                                4
    ---------------------------------------------------------------------
    Total:                                          549      128

    Gaps                                             16        9
    Linker created                                            24    4 096
-------------------------------------------------------------------------
    Grand Total:                                  4 749    1 589    4 152


*******************************************************************************
*** ENTRY LIST
***

Entry                       Address   Size  Type      Object
-----                       -------   ----  ----      ------
.iar.init_table$$Base   0xfff8'1754          --   Gb  - Linker created -
.iar.init_table$$Limit  0xfff8'176c          --   Gb  - Linker created -
.inttable$$Base         0xfff8'0f7c          --   Gb  - Linker created -
.inttable$$Limit        0xfff8'137c          --   Gb  - Linker created -
ISTACK$$Base               0x1'7800          --   Gb  - Linker created -
ISTACK$$Limit              0x1'8000          --   Gb  - Linker created -
Region$$Table$$Base     0xfff8'1754          --   Gb  - Linker created -
Region$$Table$$Limit    0xfff8'176c          --   Gb  - Linker created -
STACKS$$Base               0x1'7000          --   Gb  - Linker created -
STACKS$$Limit              0x1'8000          --   Gb  - Linker created -
USTACK$$Base               0x1'7000          --   Gb  - Linker created -
USTACK$$Limit              0x1'7800          --   Gb  - Linker created -
_LoadInt                0xfff8'0278   0xab  Code  Lc  xprintflarge_nomb.o [3]
_M_AddValues            0xfff8'1578   0x98  Code  Lc  moving_average_with_circular_buffer_V2.0.o [1]
_M_InitCircularBuffer   0xfff8'161e    0xf  Code  Lc  moving_average_with_circular_buffer_V2.0.o [1]
_M_InitMovingAverage    0xfff8'1610    0xe  Code  Lc  moving_average_with_circular_buffer_V2.0.o [1]
_M_InputCircularBuffer  0xfff8'14cb   0xad  Code  Lc  moving_average_with_circular_buffer_V2.0.o [1]
_M_IsBufferFilled       0xfff8'1664   0x10  Code  Lc  moving_average_with_circular_buffer_V2.0.o [1]
_M_OutputBufferFilled   0xfff8'13e2   0x30  Code  Lc  moving_average_with_circular_buffer_V2.0.o [1]
_M_OutputOldestIndex    0xfff8'1412   0x2a  Code  Lc  moving_average_with_circular_buffer_V2.0.o [1]
_M_OutputWholeBuffer    0xfff8'13a6   0x3c  Code  Lc  moving_average_with_circular_buffer_V2.0.o [1]
_M_ResetMovingAverage   0xfff8'137c   0x2a  Code  Lc  moving_average_with_circular_buffer_V2.0.o [1]
_M_UpdateMovingAverage  0xfff8'143c   0x8f  Code  Lc  moving_average_with_circular_buffer_V2.0.o [1]
__COM_CONV32uf          0xfff8'0ca1         Code  Gb  i32tof32.o [4]
__COM_CONV64uf          0xfff8'1691         Code  Gb  i64tof32.o [4]
__COM_CONVf32s          0xfff8'0c7d         Code  Gb  f32toi32.o [4]
__COM_CONVf32u          0xfff8'0c7d         Code  Gb  f32toi32.o [4]
__GenldLargeNoMb        0xfff8'0324  0x232  Code  Lc  xprintflarge_nomb.o [3]
__LdtobLargeNoMb        0xfff8'0588  0x1f4  Code  Lc  xprintflarge_nomb.o [3]
__LitobLargeNoMb        0xfff8'077c  0x116  Code  Lc  xprintflarge_nomb.o [3]
__PrintfLargeNoMb       0xfff8'00f0  0x188  Code  Gb  xprintflarge_nomb.o [3]
__Prout                 0xfff8'1814   0x17  Code  Gb  xprout.o [3]
__PutcharsLargeNoMb     0xfff8'0bf8   0x32  Code  Lc  xprintflarge_nomb.o [3]
__PutfldLargeNoMb       0xfff8'0894  0x266  Code  Lc  xprintflarge_nomb.o [3]
__PuttxtLargeNoMb       0xfff8'0afc   0xfa  Code  Lc  xprintflarge_nomb.o [3]
___DebugBreak           0xfff8'0f64    0x1  Code  Gb  __dbg_break.o [2]
___NMI_handler          0xfff8'0c62         Code  Wk  def_nmi_handlers.o [5]
___dwrite               0xfff8'17b4   0x15  Code  Gb  __dbg_xxdwrite.o [2]
___exit                 0xfff8'0f68   0x12  Code  Gb  __dbg_xxexit.o [2]
___iar_Fail_s           0xfff8'0f04   0x27  Code  Gb  xfail_s.o [3]
___iar_data_init2       0xfff8'1728   0x20  Code  Gb  data_init.o [3]
___iar_fdiv32_hw        0xfff8'0c79         Code  Gb  div32f.o [4]
___iar_fmul32_hw        0xfff8'0c71         Code  Gb  mul32f.o [4]
___iar_fsqr32_hw        0xfff8'0c75         Code  Gb  sqr32f.o [4]
___iar_fsub32_hw        0xfff8'0cf9         Code  Gb  add32f.o [4]
___iar_ftou32_hw        0xfff8'0c7d         Code  Gb  f32toi32.o [4]
___iar_utof32_hw        0xfff8'0ca1         Code  Gb  i32tof32.o [4]
___iar_zero_init2       0xfff8'17fc   0x18  Code  Gb  zero_init2.o [3]
___privileged_handler   0xfff8'0c62         Code  Wk  def_nmi_handlers.o [5]
___undefined_handler    0xfff8'0c62         Code  Wk  def_nmi_handlers.o [5]
___undefined_interrupt_source_handler
                        0xfff8'0c62         Code  Wk  def_nmi_handlers.o [5]
___write                0xfff8'17a8    0xa  Code  Gb  __dbg_xxwrite.o [2]
__exceptvect_v1         0xffff'ff80         Data  Gb  exceptvect.o [5]
__exit                  0xfff8'174c         Code  Gb  cexit.o [3]
__float_placeholder     0xfff8'0c62         Code  Wk  def_nmi_handlers.o [5]
__iar_cstart_end        0xfff8'1723         Code  Gb  cstartup.o [5]
__iar_div64u            0xfff8'0cfd         Code  Gb  div64u.o [5]
__iar_main_call         0xfff8'1719         Code  Gb  cstartup.o [5]
__iar_program_start     0xfff8'1700         Code  Gb  cstartup.o [5]
__iar_reset_vector      0xffff'fffc         Data  Gb  resetvect.o [5]
__link_file_version_4 {Abs}
                                0x1         Data  Gb  <internal module>
_abort                  0xfff8'0f54    0xf  Code  Gb  __dbg_abort.o [2]
_default_handler        0xfff8'182c    0xe  Code  Gb  interrupt_table.o [3]
_div                    0xfff8'0c64    0xd  Code  Gb  div.o [3]
_exit                   0xfff8'1748    0x4  Code  Gb  exit.o [3]
_m_circularBuffer               0x4   0x28  Data  Lc  moving_average_with_circular_buffer_V2.0.o [1]
_m_movingAverage               0x2c    0xc  Data  Lc  moving_average_with_circular_buffer_V2.0.o [1]
_main                   0xfff8'162d   0x37  Code  Gb  moving_average_with_circular_buffer_V2.0.o [1]
_memchr                 0xfff8'0f3c   0x16  Code  Gb  memchr.o [3]
_memcpy                 0xfff8'0c58    0xa  Code  Gb  memcpy.o [3]
_printf                 0xfff8'1674   0x1d  Code  Gb  printf.o [3]
_putchar                0xfff8'178c   0x1a  Code  Gb  putchar.o [3]
_scale                  0xfff8'0558   0x2f  Code  Lc  xprintflarge_nomb.o [3]
_sec_hand                      0x38    0x4  Data  Lc  xfail_s.o [3]
_strchr                 0xfff8'0c44   0x12  Code  Gb  strchr.o [3]
_strlen                 0xfff8'0f2c    0xe  Code  Gb  strlen.o [3]
_vector_table           0xfff8'0f7c  0x400  Data  Gb  interrupt_table.o [3]


[1] = C:\Users\Robin.Hellmers\OneDrive\Skolmaterial\Examensarbete\Code\Circular_buffer\circular_buffer\Debug\Obj
[2] = dbgrxfllnd.a
[3] = dlrxflln.a
[4] = mrx1fll1.a
[5] = rtrx1fll.a

  4 749 bytes of readonly  code memory
  1 589 bytes of readonly  data memory
  4 152 bytes of readwrite data memory

Errors: none
Warnings: none
